../Core/Src/stm32f4xx_it.c:73:6:NMI_Handler	4	static
../Core/Src/stm32f4xx_it.c:88:6:HardFault_Handler	4	static
../Core/Src/stm32f4xx_it.c:103:6:MemManage_Handler	4	static
../Core/Src/stm32f4xx_it.c:118:6:BusFault_Handler	4	static
../Core/Src/stm32f4xx_it.c:133:6:UsageFault_Handler	4	static
../Core/Src/stm32f4xx_it.c:148:6:DebugMon_Handler	4	static
../Core/Src/stm32f4xx_it.c:168:6:EXTI4_IRQHandler	8	static
../Core/Src/stm32f4xx_it.c:182:6:ADC_IRQHandler	8	static
../Core/Src/stm32f4xx_it.c:197:6:EXTI9_5_IRQHandler	8	static
../Core/Src/stm32f4xx_it.c:212:6:EXTI15_10_IRQHandler	8	static
../Core/Src/stm32f4xx_it.c:226:6:TIM7_IRQHandler	8	static
../Core/Src/stm32f4xx_it.c:240:6:DMA2_Stream2_IRQHandler	8	static
